BLUE (4,6) (7,6)
YELLOW (6,5) (11,5)
GREEN (7,3) (7,7)
RED (9,2) (7,2)
